// Jest Snapshot v1, https://goo.gl/fbAQLP

exports[`<OrderItem /> expect to render 1`] = `
<Provider
  store={
    Object {
      "clearActions": [Function],
      "dispatch": [Function],
      "getActions": [Function],
      "getState": [Function],
      "replaceReducer": [Function],
      "subscribe": [Function],
    }
  }
>
  <OrderItem
    item={
      Object {
        "id": 1,
        "name": "Test name",
        "price": 3900,
        "quantity": 2,
      }
    }
  >
    <div
      className="item"
    >
      <div>
        Test name
      </div>
      <div
        className="price"
      >
        <Price
          value={3900}
        >
          $39.00
        </Price>
      </div>
      <OrderItemQuantity
        item={
          Object {
            "id": 1,
            "name": "Test name",
            "price": 3900,
            "quantity": 2,
          }
        }
      >
        <div>
          <OrderItemButton
            onClick={[Function]}
            variant="decrement"
          >
            <button
              className="button decrement"
              onClick={[Function]}
            >
              <ForwardRef(SvgMinus)>
                <svg>
                  minus.svg
                </svg>
              </ForwardRef(SvgMinus)>
            </button>
          </OrderItemButton>
          <span
            className="quantity"
          >
            2
          </span>
          <OrderItemButton
            onClick={[Function]}
            variant="increment"
          >
            <button
              className="button increment"
              onClick={[Function]}
            >
              <ForwardRef(SvgPlus)>
                <svg>
                  plus.svg
                </svg>
              </ForwardRef(SvgPlus)>
            </button>
          </OrderItemButton>
        </div>
      </OrderItemQuantity>
      <div
        className="price"
      >
        <Price
          value={7800}
        >
          $78.00
        </Price>
      </div>
      <OrderItemButton
        onClick={[Function]}
        shake={true}
        variant="remove"
      >
        <button
          className="button remove shake"
          onClick={[Function]}
        >
          <ForwardRef(SvgTrash)>
            <svg>
              trash.svg
            </svg>
          </ForwardRef(SvgTrash)>
        </button>
      </OrderItemButton>
    </div>
  </OrderItem>
</Provider>
`;
