// Jest Snapshot v1, https://goo.gl/fbAQLP

exports[`<OrderItemQuantity /> expect to render 1`] = `
<Provider
  store={
    Object {
      "clearActions": [Function],
      "dispatch": [Function],
      "getActions": [Function],
      "getState": [Function],
      "replaceReducer": [Function],
      "subscribe": [Function],
    }
  }
>
  <OrderItemQuantity
    item={
      Object {
        "id": 1,
        "name": "Test name",
        "price": 3900,
        "quantity": 2,
      }
    }
  >
    <div>
      <OrderItemButton
        onClick={[Function]}
        variant="decrement"
      >
        <button
          className="button decrement"
          onClick={[Function]}
        >
          <ForwardRef(SvgMinus)>
            <svg>
              minus.svg
            </svg>
          </ForwardRef(SvgMinus)>
        </button>
      </OrderItemButton>
      <span
        className="quantity"
      >
        2
      </span>
      <OrderItemButton
        onClick={[Function]}
        variant="increment"
      >
        <button
          className="button increment"
          onClick={[Function]}
        >
          <ForwardRef(SvgPlus)>
            <svg>
              plus.svg
            </svg>
          </ForwardRef(SvgPlus)>
        </button>
      </OrderItemButton>
    </div>
  </OrderItemQuantity>
</Provider>
`;
